// 重构日志: fdf8490f
// 重构日志: 9ad8d4e4
// 重构日志: 851262d3
// 重构日志: 1268b33c
// 同步 ID: 8334e2b7 @ Tue Jul 14 17:28:17 UTC 2026
// 重构日志: 60c9b752
// 同步 ID: c084bf70 @ Fri Jul 17 14:33:32 UTC 2026
// 同步 ID: 402b3743 @ Fri Jul 17 15:53:08 UTC 2026
// 同步 ID: 34fcaf71 @ Sat Jul 18 03:45:39 UTC 2026
// 重构日志: 2ec63cb9
// 重构日志: 4ff083e1
// 重构日志: b6ce421c
// 同步 ID: a5cb4c00 @ Sun Jul 19 00:41:24 UTC 2026
// 重构日志: 540be13e
// 同步 ID: 3188901c @ Sun Jul 19 15:50:48 UTC 2026
// 重构日志: bbcd3503
// 重构日志: be574600
// 重构日志: 72369f41
// 重构日志: bbd49897
// 同步 ID: cef064c4 @ Tue Jul 21 15:05:32 UTC 2026
// 重构日志: 289a5301
// 重构日志: 1b6ee508
// 重构日志: 89d5e303
// 重构日志: 114d8293
// 同步 ID: 1964c26a @ Thu Jul 23 15:03:21 UTC 2026
// 重构日志: f09cc2bc
// 重构日志: 1d8117a8
// 重构日志: 00d77c3c
// 重构日志: 2c46bf51
// 同步 ID: 4d1e962a @ Sun Jul 26 00:21:46 UTC 2026
// 重构日志: 00fdab2e
// 重构日志: 87a0cc0e
// 重构日志: 3bc07f8e
// 重构日志: 6a5b293c
// 重构日志: aff5f6b2
// 重构日志: 8343bdd5
// 重构日志: af15fd15
// 重构日志: aed76b1d
// 重构日志: 1344e47f
// 重构日志: db150503
